krish@KRISHTUF-15 MINGW64 ~/my-project (main)
$ git clone https://github.com/Krish7941/BridgeLabz-Training-3Y
Cloning into 'BridgeLabz-Training-3Y'...
remote: Enumerating objects: 592, done.
remote: Counting objects: 100% (148/148), done.
remote: Compressing objects: 100% (145/145), done.
remote: Total 592 (delta 0), reused 0 (delta 0), pack-reused 444 (from 1)
Receiving objects: 100% (592/592), 587.76 KiB | 410.00 KiB/s, done.
Resolving deltas: 100% (111/111), done.

krish@KRISHTUF-15 MINGW64 ~/my-project (main)
$ cd BridgeLabz-Training-3Y

krish@KRISHTUF-15 MINGW64 ~/my-project/BridgeLabz-Training-3Y (main)
$ git checkout -b my-feature
Switched to a new branch 'my-feature'

krish@KRISHTUF-15 MINGW64 ~/my-project/BridgeLabz-Training-3Y (my-feature)
$ git add .

krish@KRISHTUF-15 MINGW64 ~/my-project/BridgeLabz-Training-3Y (my-feature)
$ git commit -m "Add my changes"
On branch my-feature
nothing to commit, working tree clean

krish@KRISHTUF-15 MINGW64 ~/my-project/BridgeLabz-Training-3Y (my-feature)
$ git push origin my-feature
Total 0 (delta 0), reused 0 (delta 0), pack-reused 0 (from 0)
remote:
remote: Create a pull request for 'my-feature' on GitHub by visiting:
remote:      https://github.com/Krish7941/BridgeLabz-Training-3Y/pull/new/my-feature
remote:
To https://github.com/Krish7941/BridgeLabz-Training-3Y
 * [new branch]      my-feature -> my-feature
